2025-08-16 14:18:00 | WARN | repo=course-sys-int-systems | action=commit
2025-12-21 19:07:00 | INFO | repo=course-sys-int-systems | action=edit | files=2
2025-11-17 17:41:00 | DEBUG | repo=course-sys-int-systems | action=commit
2025-04-27 08:58:00 | WARN | repo=course-sys-int-systems | action=commit
2025-06-03 08:29:00 | WARN | repo=course-sys-int-systems | action=commit
2025-12-25 21:32:00 | WARN | repo=course-sys-int-systems | action=commit
2025-11-09 17:09:00 | WARN | repo=course-sys-int-systems | action=test | passed=true
2025-01-25 08:42:00 | DEBUG | repo=course-sys-int-systems | action=commit
2025-06-06 14:00:00 | DEBUG | repo=course-sys-int-systems | action=commit
2025-02-17 16:25:00 | INFO | repo=course-sys-int-systems | action=commit
2025-02-18 20:16:00 | DEBUG | repo=course-sys-int-systems | action=commit
2025-09-16 14:48:00 | INFO | repo=course-sys-int-systems | action=commit
2025-04-17 07:26:00 | DEBUG | repo=course-sys-int-systems | action=commit
2025-06-12 12:09:00 | WARN | repo=course-sys-int-systems | action=test | passed=true
2025-01-24 17:03:00 | DEBUG | repo=course-sys-int-systems | action=test | passed=true
2025-09-22 12:10:00 | WARN | repo=course-sys-int-systems | action=commit
2025-08-25 19:52:00 | INFO | repo=course-sys-int-systems | action=commit
2025-10-18 20:24:00 | DEBUG | repo=course-sys-int-systems | action=commit
2025-11-08 20:57:00 | WARN | repo=course-sys-int-systems | action=commit
2025-03-09 19:13:00 | WARN | repo=course-sys-int-systems | action=test | passed=true
2025-11-06 07:23:00 | INFO | repo=course-sys-int-systems | action=commit
2025-12-15 20:57:00 | DEBUG | repo=course-sys-int-systems | action=commit
2025-02-14 08:46:00 | INFO | repo=course-sys-int-systems | action=test | passed=true
2025-05-11 17:45:00 | INFO | repo=course-sys-int-systems | action=commit
2025-02-12 20:22:00 | INFO | repo=course-sys-int-systems | action=commit
2025-01-13 21:58:00 | DEBUG | repo=course-sys-int-systems | action=test | passed=true
2025-09-20 07:14:00 | DEBUG | repo=course-sys-int-systems | action=commit
2025-08-21 18:34:00 | INFO | repo=course-sys-int-systems | action=commit
2025-07-10 19:10:00 | INFO | repo=course-sys-int-systems | action=commit
2025-08-10 14:33:00 | WARN | repo=course-sys-int-systems | action=commit
2025-11-03 13:49:00 | INFO | repo=course-sys-int-systems | action=commit
2025-05-02 21:08:00 | DEBUG | repo=course-sys-int-systems | action=commit
2025-06-28 18:11:00 | WARN | repo=course-sys-int-systems | action=commit
2025-07-22 13:08:00 | WARN | repo=course-sys-int-systems | action=edit | files=4
2025-02-02 14:16:00 | DEBUG | repo=course-sys-int-systems | action=commit
2025-10-08 18:43:00 | WARN | repo=course-sys-int-systems | action=commit
2025-08-11 18:19:00 | INFO | repo=course-sys-int-systems | action=edit | files=2
2025-06-12 19:21:00 | WARN | repo=course-sys-int-systems | action=commit
2025-10-22 14:09:00 | DEBUG | repo=course-sys-int-systems | action=commit
2025-09-10 19:23:00 | DEBUG | repo=course-sys-int-systems | action=commit
2025-10-11 07:15:00 | WARN | repo=course-sys-int-systems | action=commit
2025-11-24 13:22:00 | WARN | repo=course-sys-int-systems | action=commit
2025-09-16 17:41:00 | INFO | repo=course-sys-int-systems | action=test | passed=true
2025-06-25 19:47:00 | DEBUG | repo=course-sys-int-systems | action=commit
